11:10:11 **** Incremental Build of configuration Debug for project MKS-1 ****
make -j4 all 
arm-none-eabi-gcc "../Core/Src/main.c" -mcpu=cortex-m0 -std=gnu11 -g3 -DDEBUG -DSTM32F030x8 -DUSE_FULL_LL_DRIVER -DHSE_VALUE=8000000 -DHSE_STARTUP_TIMEOUT=100 -DLSE_STARTUP_TIMEOUT=5000 -DLSE_VALUE=32768 -DHSI_VALUE=8000000 -DLSI_VALUE=40000 -DVDD_VALUE=3300 -DPREFETCH_ENABLE=1 -DINSTRUCTION_CACHE_ENABLE=0 -DDATA_CACHE_ENABLE=0 -c -I../Core/Inc -I../Drivers/STM32F0xx_HAL_Driver/Inc -I../Drivers/CMSIS/Device/ST/STM32F0xx/Include -I../Drivers/CMSIS/Include -O0 -ffunction-sections -fdata-sections -Wall -fstack-usage -fcyclomatic-complexity -MMD -MP -MF"Core/Src/main.d" -MT"Core/Src/main.o" --specs=nano.specs -mfloat-abi=soft -mthumb -o "Core/Src/main.o"
arm-none-eabi-gcc -o "MKS-1.elf" @"objects.list"   -mcpu=cortex-m0 -T"C:\Temp\240627\MKS\MKS-1\STM32F030R8TX_FLASH.ld" --specs=nosys.specs -Wl,-Map="MKS-1.map" -Wl,--gc-sections -static --specs=nano.specs -mfloat-abi=soft -mthumb -Wl,--start-group -lc -lm -Wl,--end-group
Finished building target: MKS-1.elf
 
arm-none-eabi-size  MKS-1.elf 
arm-none-eabi-objdump -h -S MKS-1.elf  > "MKS-1.list"
   text	   data	    bss	    dec	    hex	filename
   4960	      4	   1564	   6528	   1980	MKS-1.elf
Finished building: default.size.stdout
 
Finished building: MKS-1.list
 

11:10:12 Build Finished. 0 errors, 0 warnings. (took 987ms)

